// Jest Snapshot v1, https://goo.gl/fbAQLP

exports[`<EditBusinessPage /> component unit test should render correctly 1`] = `ShallowWrapper {}`;
